============================= test session starts =============================
platform win32 -- Python 3.14.2, pytest-9.0.2, pluggy-1.6.0
rootdir: C:\Users\islem\Downloads\graph mining\projet\graph-cv-job
plugins: anyio-4.12.0, langsmith-0.6.0, asyncio-1.3.0, timeout-2.4.0
asyncio: mode=Mode.STRICT, debug=False, asyncio_default_fixture_loop_scope=None, asyncio_default_test_loop_scope=function
collected 4 items

src\tests\test_pipeline.py ..F.                                          [100%]

================================== FAILURES ===================================
____________________________ test_graph_structure _____________________________

    def test_graph_structure():
        assert os.path.exists("results/G_bipartite_with_communities.graphml")
        G = nx.read_graphml("results/G_bipartite_with_communities.graphml")
        # Must have bipartite attribute as string '0' or '1' (GraphML format)
        for n, d in G.nodes(data=True):
            assert 'bipartite' in d
>           assert d['bipartite'] in ['0', '1']
E           AssertionError: assert 0 in ['0', '1']

src\tests\test_pipeline.py:26: AssertionError
=========================== short test summary info ===========================
FAILED src/tests/test_pipeline.py::test_graph_structure - AssertionError: ass...
========================= 1 failed, 3 passed in 1.48s =========================
